45 19
1  London             West       Great     B    MainCapital     1   N   104  305
2  Glasgow            West       Great     B    City            1   N   91   160
3  English_Channel    Water      None      N    Empty           0   N   85   447
4  North_Sea          Water      None      N    Empty           0   N   298  176
5  Paris              West       Major     F    SubCapital      0   N   157  621
6  Gascony            West       Major     F    Empty           0   N   104  720
7  Lorraine           West       Major     F    Empty           2   N   285  621
8  Marseille          West       Major     F    City            0   N   265  827
9  Amsterdam          Neutral    Minor     N    City            0   N   287  445
10 Ruhr               Axis       Great     G    SubCapital      3   N   471  405
11 Munich             Axis       Great     G    City            0   N   493  593
12 Berlin             Axis       Great     G    MainCapital     1   N   576  347
13 Milan              Axis       Major     I    City            1   N   464  797
14 Venice             Axis       Major     I    Empty           1   N   557  720
15 Adriatic_Sea       Water      None      N    Empty           0   N   631  830
16 Coppenhagen        Neutral    Minor     N    Town            1   N   493  191
17 Oslo               Netural    Minor     N    Town            1   N   493  22
18 Stockholm          Neutral    Minor     N    City            1   N   636  88
19 Baltic_Sea         Water      None      N    Empty           0   N   756  167
20 Gulf_of_Bothnia    Water      None      N    Empty           0   N   832  46
21 Warsaw             Netural    Minor     N    CapitalCity     1   N   766  389
22 Könisberg          Axis       Great     G    City            0   N   849  292
23 Riga               Neutral    Minor     N    Town            0   N   931  162
24 Lvov               Neutral    Minor     N    City            0   N   931  456
25 Vilna              Neutral    Minor     N    Town            0   N   965  325
26 Leningrad          USSR       Major     S    SubCapital      0   N   1156 57
27 Belorussia         USSR       Major     S    Empty           0   N   1135 198
28 Kiev               USSR       Major     S    City            1   N   1156 444
29 Odessa             USSR       Major     S    City            2   N   1184 525
30 Moscow             USSR       Major     S    MainCapital     0   N   1422 101
31 Bryansk            USSR       Major     S    Empty           0   N   1322 205
32 Kharhov            USSR       Major     S    City            1   N   1455 358
33 Sevastopol         USSR       Major     S    Empty           0   N   1400 595
34 Prague             Neutral    Minor     N    City            0   N   724  514
35 Vienna             Neutral    Minor     N    City            0   N   647  645
36 Croatia            Neutral    Minor     N    Empty           1   N   724  738
37 Budapest           Neutral    Minor     N    City            1   N   893  613
38 Belgrade           Neutral    Minor     N    Town            0   N   893  832
39 Sofia              Neutral    Minor     N    Town            1   N   1064 818
40 Bucharest          Neutral    Minor     N    City            2   N   1021 690     
41 Western_Black_Sea  Water      None      N    Empty           0   N   1289 697
42 Istanbul           Neutral    Minor     N    City            0   N   1167 865
43 Ankara             Neutral    Minor     N    CapitalCity     0   N   1378 876
44 Washington         Neutral    Major     U    SubCapital      2   N   0    200
45 New_York           Neutral    Major     U    City            1   N   0    100
London [Glasgow CMountain]
Glasgow 
English_Channel [London Coast] [Paris Coast] [North_Sea Ocean]
North_Sea [London Coast] [Glasgow Coast] [Amsterdam Coast] [Oslo Coast] [Ruhr Coast] [Coppenhagen WStrait]
Paris [Gascony CPlains] [Lorraine Plains] [Amsterdam CPlains]
Gascony [Marseille Plains] [Lorraine Plains]
Lorraine [Marseille Plains] [Munich River]
Marseille [Milan CMountain]
Amsterdam [Ruhr CRiver] [Munich River] [Lorraine Forest]
Ruhr [Munich Plains] [Berlin Plains] [Coppenhagen LStrait]
Munich [Vienna Plains] [Prague Forest] [Berlin Plains]
Berlin [Prague Forest] [Warsaw CRiver]
Milan [Venice Plains]
Venice [Vienna Mountain] [Croatia CMountain]
Adriatic_Sea [Venice Coast] [Croatia Coast]
Coppenhagen [Stockholm LStrait] [Oslo LStrait]
Oslo [Stockholm CForest]
Stockholm
Baltic_Sea [Stockholm Coast] [Coppenhagen WStrait] [Gulf_of_Bothnia Ocean] [Warsaw Coast] [Könisberg Coast] [Riga Coast] [Berlin Coast] [Ruhr Coast]
Gulf_of_Bothnia [Leningrad Coast] [Riga Coast] [Stockholm Coast]
Warsaw [Könisberg CRiver] [Prague Forest] [Vilna River] [Lvov River]
Könisberg [Vilna Forest] [Riga CPlains]
Riga [Leningrad CForest] [Belorussia Plains] [Vilna Plains]
Lvov [Prague Mountain] [Budapest Mountain] [Odessa Plains] [Kiev Plains] [Vilna Plains] [Bucharest River]
Vilna [Belorussia Plains]
Leningrad [Belorussia Forest] [Moscow Forest]
Belorussia [Bryansk Plains]
Kiev [Odessa Plains] [Bryansk River] [Kharhov River]
Odessa [Kharhov River] [Bucharest CRiver] [Sevastopol LStrait]
Moscow [Bryansk Forest]
Bryansk [Kharhov Plains]
Kharhov
Sevastopol 
Prague [Vienna Plains] [Budapest Mountain]
Vienna [Croatia Mountain] [Budapest Plains]
Croatia [Belgrade Forest] [Budapest Plains]
Budapest [Belgrade Plains] [Bucharest Mountain]
Belgrade [Sofia Mountain] [Bucharest River]
Sofia [Bucharest CRiver] [Istanbul LStrait]
Bucharest
Western_Black_Sea [Istanbul WStrait] [Sofia Coast] [Bucharest Coast] [Odessa Coast] [Ankara Coast] [Sevastopol WStrait]
Istanbul [Ankara LStrait]
Ankara
Washington [New_York Plains]
New_York
Britian:        London Glasgow
France:         Paris Lorraine Gascony Marseille
Low_Countries:  Amsterdam
Germany:        Berlin Ruhr Munich Könisberg
Austria:        Vienna
Czechoslovakia: Prague
Hungary:        Budapest
Italy:          Milan Venice
Denmark:        Coppenhagen
Norway:         Oslo
Sweden:         Stockholm
Poland:         Warsaw Lvov Vilna
Baltic_States:  Riga
Yugoslavia:     Belgrade Croatia
Rumania:        Bucharest
Bulgaria:       Sofia
Turkey:         Ankara Istanbul
USSR:           Moscow Leningrad Belorussia Bryansk Kharhov Kiev Odessa Sevastopol
USA:            Washington New_York