11
1   A   Axis       Home    Empty           2       1       1           N   512 400
2   B   West       Home    Town            2       1       1           N   512 300
3   C   West       Home    City            2       1       1           N   812 300
4   D   West       Home    CapitalCity     2       1       1           N   812 400
5   E   Axis       Home    SubCapital      2       1       1           N   412 200
6   F   USSR       Home    MainCapital     2       1       1           N   512 100
7   G   Neutral    Home    City            2       1       1           N   212 290
8   H   Neutral    Home    Town            2       1       1           N   212 400
9   I   Water      Home    Empty           2       1       1           N   812 200
10  J   Water      Home    Empty           2       1       1           N   812 100
11  K   USSR       Home    Capital         2       1       1           N   662 150
A   [B Plain] [H Mountain] [D Plain]
B   [E Forest] [C River]
C   [I Coast] [D River]
E   [F Plain]
F   [K Strait]
G   [H Plain] 
I   [J Ocean]
J   [K Coast]