136	34								
1	London	West	Great	B	MainCapital	1	N	375	374
2	Glasgow	West	Great	B	City	1	N	344	257
3	English_Channel	Water	None	N	Empty	0	N	328	422
4	North_Sea	Water	None	N	Empty	0	N	444	298
5	Paris	West	Major	F	SubCapital	0	N	390	456
6	Gascony	West	Major	F	Empty	0	N	354	566
7	Lorraine	West	Major	F	Empty	2	N	441	500
8	Marseille	West	Major	F	City	0	N	419	606
9	Amsterdam	Neutral	Minor	N	City	0	N	459	384
10	Ruhr	Axis	Great	G	SubCapital	3	N	517	383
11	Munich	Axis	Great	G	City	0	N	560	480
12	Berlin	Axis	Great	G	MainCapital	1	N	590	381
13	Milan	Axis	Major	I	City	1	N	504	569
14	Venice	Axis	Major	I	Empty	1	N	557	545
15	Adriatic_Sea	Water	None	N	Empty	0	N	630	609
16	Copenhagen	Neutral	Minor	N	Town	1	N	573	307
17	Oslo	Neutral	Minor	N	Town	1	N	564	220
18	Stockholm	Neutral	Minor	N	City	1	N	632	244
19	Baltic_Sea	Water	None	N	Empty	0	N	659	290
20	Gulf_Of_Bothnia	Water	None	N	Empty	0	N	712	230
21	Warsaw	Neutral	Minor	N	CapitalCity	1	N	698	385
22	Könisberg	Axis	Great	G	City	0	N	698	323
23	Riga	Neutral	Minor	N	Town	0	N	746	271
24	Lvov	Neutral	Minor	N	City	0	N	775	425
25	Vilna	Neutral	Minor	N	Town	0	N	782	314
26	Leningrad	USSR	Great	S	SubCapital	0	N	821	219
27	Belorussia	USSR	Great	S	Empty	0	N	843	294
28	Kiev	USSR	Great	S	City	1	N	869	401
29	Odessa	USSR	Great	S	City	2	N	885	478
30	Moscow	USSR	Great	S	MainCapital	0	N	963	232
31	Bryansk	USSR	Great	S	Empty	0	N	919	312
32	Kharkov	USSR	Great	S	City	1	N	1013	354
33	Sevastopol	USSR	Great	S	Empty	0	N	971	484
34	Prague	Neutral	Minor	N	City	0	N	639	438
35	Vienna	Neutral	Minor	N	City	0	N	631	493
36	Croatia	Neutral	Minor	N	Empty	1	N	652	564
37	Budapest	Neutral	Minor	N	City	1	N	692	506
38	Belgrade	Neutral	Minor	N	Town	0	N	726	574
39	Sofia	Neutral	Minor	N	Town	1	N	781	600
40	Bucharest	Neutral	Minor	N	City	2	N	823	541
41	Western_Black_Sea	Water	None	N	Empty	0	N	927	540
42	Istanbul	Neutral	Minor	N	City	0	N	887	612
43	Ankara	Neutral	Minor	N	CapitalCity	0	N	976	605
44	Washington	Neutral	Major	U	SubCapital	2	N	28	250
45	New_York	Neutral	Major	U	City	1	N	60	231
46	Dublin	Neutral	Minor	N	Town	0	N	284	323
47	Irish_Sea	Water	None	N	Empty	0	N	221	380
48	Bay_Of_Biscay	Water	None	N	Empty	0	N	237	505
49	Leon	Neutral	Minor	N	Empty	0	N	267	600
50	Barcelona	Neutral	Minor	N	City	0	N	342	650
51	Madrid	Neutral	Minor	N	CapitalCity	0	N	243	673
52	Lisbon	Neutral	Minor	N	Town	0	N	182	674
53	Gibraltar	West	Colony	B	Town	0	N	219	745
54	Morocco	West	Colony	F	Empty	0	N	218	839
55	Dakar	West	Colony	F	Empty	0	N	188	885
56	Algiers	West	Colony	F	City	0	N	326	780
57	Tunisia	West	Colony	F	Empty	0	N	451	778
58	Sfax	West	Colony	F	Empty	0	N	505	822
59	Malta	West	Colony	B	Town	0	N	561	768
60	Tripoli	Neutral	None	N	City	0	N	586	830
61	Cyrenaica	Neutral	None	N	Empty	0	N	770	858
62	Egypt	West	Colony	B	Empty	0	N	902	849
63	Suez	West	Colony	B	City	0	N	975	821
64	Sudan	West	Colony	B	Empty	0	N	1010	887
65	Red_Sea	Water	None	N	Empty	0	N	1041	878
66	Damascus	West	Colony	F	Town	0	N	1077	735
67	Adana	Neutral	Minor	N	Empty	0	N	1037	664
68	Izmir	Neutral	Minor	N	Town	0	N	860	667
69	Sinope	Neutral	Minor	N	Empty	0	N	1049	588
70	Kars	Neutral	Minor	N	Empty	0	N	1124	565
71	Rome	Axis	Major	I	SubCapital	0	N	574	638
72	Taranto	Axis	Major	I	Empty	0	N	638	652
73	Sicily	Axis	Major	I	Empty	0	N	597	751
74	Sardinia	Axis	Major	I	Empty	0	N	496	688
75	Athens	Neutral	Minor	N	Town	1	N	780	696
76	Crete	Neutral	Minor	N	Empty	0	N	829	768
77	Albania	Neutral	Minor	N	Empty	0	N	708	647
78	Penza	USSR	Great	S	Empty	0	N	1093	214
79	Voronezh	USSR	Great	S	Empty	0	N	1058	289
80	Kuban	USSR	Great	S	Empty	0	N	1080	429
81	Georgia	USSR	Great	S	Empty	0	N	1180	396
82	Grozny	USSR	Great	S	Empty	0	N	1172	467
83	Stalingrad	USSR	Great	S	City	0	N	1133	330
84	Sea_Of_Azov	Water	None	N	Empty	0	N	1017	437
85	Eastern_Black_Sea	Water	None	N	Empty	0	N	1055	510
86	Eastern_Mediterranean	Water	None	N	Empty	0	N	947	751
87	Aegean_Sea	Water	None	N	Empty	0	N	821	711
88	Central_Mediterranean	Water	None	N	Empty	0	N	691	756
89	Tyrrhenian_Sea	Water	None	N	Empty	0	N	549	674
90	Western_Mediterranean	Water	None	N	Empty	0	N	413	681
91	Jordan	West	Colony	B	Empty	0	N	1120	781
92	Madeira_Sea	Water	None	N	Empty	0	N	134	665
93	Iraq	West	Colony	B	Empty	2	T	1209	675
94	Rio_De_Janeiro	Neutral	Minor	N	Town	2	N	78	752
95	Helsinki	Neutral	Minor	N	Town	0	N	729	193
96	Narvik	Neutral	Minor	N	Empty	0	N	657	47
97	Gallivare	Neutral	Minor	N	Empty	1	N	674	101
98	Petsamo	Neutral	Minor	N	Empty	1	N	755	64
99	Tehran	Neutral	Minor	N	City	0	N	1314	554
100	Kabul	Neutral	Minor	N	Town	0	N	1385	617
101	Murmansk	USSR	Great	S	Empty	0	N	846	58
102	Archangel	USSR	Great	S	Empty	0	N	907	108
103	Vologda	USSR	Great	S	Empty	0	N	935	163
104	Gorky	USSR	Great	S	Empty	0	N	1059	119
105	Perm	USSR	Great	S	Empty	0	N	1173	106
106	Ufa	USSR	Great	S	Empty	1	N	1228	247
107	Urals	USSR	Great	S	City	1	N	1419	89
108	Western_Siberia	USSR	Great	S	Empty	1	N	1446	197
109	Kazakhstan	USSR	Great	S	Empty	0	N	1382	318
110	Turkmenistan	USSR	Great	S	Empty	0	N	1423	449
111	Baku	USSR	Great	S	SubCapital	4	T	1247	459
112	North_Caspian_Sea	Water	None	N	Empty	0	N	1259	389
113	Southern_Caspian_Sea	Water	None	N	Empty	0	N	1300	485
114	Tabriz	Neutral	Minor	N	Empty	0	N	1233	547
115	Shiraz	Neutral	Minor	N	Empty	0	N	1326	677
116	Abadan	Neutral	Minor	N	Empty	4	T	1267	614
117	Karachi	West	Colony	N	Empty	0	N	1401	677
118	Delhi	West	Colony	B	SubCapital	2	T	1465	650
119	Bombay	West	Colony	B	City	2	T	1425	747
120	Persian_Gulf	Water	None	N	Empty	0	N	1289	716
121	Arabian_Sea	Water	None	N	Empty	0	N	1363	782
122	East_Indian_Ocean	Water	None	N	Empty	0	N	1461	844
123	West_Indian_Ocean	Water	None	N	Empty	0	N	1361	879
124	Gulf_Of_Aden	Water	None	N	Empty	0	N	1194	915
125	South_Atlantic_Ocean	Water	None	N	Empty	0	N	90	871
126	Mid_Atlantic_Ocean	Water	None	N	Empty	0	N	46	617
127	North_Atlantic_Ocean	Water	None	N	Empty	0	N	74	367
128	Ottawa	West	Colony	B	Town	1	N	58	202
129	Irminger_Sea	Water	None	N	Empty	0	N	215	151
130	Greenland_Ocean	Water	None	N	Empty	0	N	388	48
131	Norwegian_Ocean	Water	None	N	Empty	0	N	433	152
132	Nordkapp_Ocean	Water	None	N	Empty	0	N	585	35
133	Barents_Sea	Water	None	N	Empty	0	N	782	5
134	White_Sea	Water	None	N	Empty	0	N	891	9
135	Iceland	Neutral	Minor	N	Empty	0	N	293	135
136	Azores	Neutral	Minor	N	Empty	0	N	124	536		
London	[Glasgow CMount]	[Glasgow CMount]																							
Glasgow																									
English_Channel	[London Coast]	[Paris Coast]	[Irish_Sea Ocean]	[Bay_Of_Biscay Ocean]	[North_Sea Ocean]	[North_Sea Ocean]																			
North_Sea	[London Coast]	[Paris Coast]	[Glasgow Coast]	[Amsterdam Coast]	[Copenhagen WStrait]	[Ruhr Coast]	[Oslo Coast]	[Oslo Coast]																	
Paris	[Gascony CPlain]	[Lorraine Plain]	[Amsterdam CPlain]	[Amsterdam CPlain]																					
Gascony	[Leon CMount]	[Barcelona CMount]	[Marseille Plain]	[Lorraine Plain]	[Lorraine Plain]																				
Lorraine	[Munich River]	[Marseille Plain]	[Amsterdam Forest]	[Amsterdam Forest]																					
Marseille	[Barcelona CMount]	[Milan CMount]	[Milan CMount]																						
Amsterdam	[Ruhr CRiver]	[Munich River]	[Munich River]																						
Ruhr	[Berlin CPlain]	[Munich Plain]	[Copenhagen LStrait]	[Copenhagen LStrait]																					
Munich	[Vienna Plain]	[Prague Forest]	[Prague Forest]																						
Berlin	[Prague Forest]	[Warsaw CRiver]	[Munich Plain]																						
Milan	[Venice Plain]	[Rome CMount]	[Rome CMount]																						
Venice	[Rome Mount]	[Taranto CMount]	[Croatia CMount]	[Vienna Mount]	[Vienna Mount]																				
Adriatic_Sea	[Venice Coast]	[Croatia Coast]	[Taranto Coast]	[Albania Coast]	[Central_Mediterranean Ocean]																				
Copenhagen	[Oslo LStrait]	[Stockholm LStrait]	[Stockholm LStrait]																						
Oslo	[Stockholm CForest]	[Stockholm CForest]																							
Stockholm																									
Baltic_Sea	[Copenhagen WStrait]	[Berlin Coast]	[Warsaw Coast]	[Könisberg Coast]	[Riga Coast]	[Stockholm Coast]	[Gulf_Of_Bothnia Ocean]	[Ruhr Coast]	[Ruhr Coast]																
Gulf_Of_Bothnia	[Stockholm Coast]	[Riga Coast]	[Leningrad Coast]	[Leningrad Coast]																					
Warsaw	[Prague Forest]	[Könisberg CRiver]	[Vilna River]	[Lvov River]	[Lvov River]																				
Könisberg	[Riga CPlain]	[Vilna Forest]	[Vilna Forest]																						
Riga	[Leningrad CForest]	[Vilna Plain]	[Belorussia Plain]	[Belorussia Plain]																					
Lvov	[Prague Mount]	[Budapest Mount]	[Vilna Plain]	[Kiev Plain]	[Odessa Plain]	[Bucharest River]	[Bucharest River]																		
Vilna	[Belorussia Plain]	[Belorussia Plain]																							
Leningrad	[Belorussia Forest]	[Moscow Forest]	[Bryansk Forest]	[Bryansk Forest]																					
Belorussia	[Bryansk Plain]	[Bryansk Plain]																							
Kiev	[Odessa Plain]	[Kharkov River]	[Bryansk River]	[Bryansk River]																					
Odessa	[Bucharest CRiver]	[Sevastopol LStrait]	[Sevastopol LStrait]																						
Moscow	[Penza Plain]	[Voronezh Plain]	[Voronezh Plain]																						
Bryansk	[Voronezh Plain]	[Kharkov Plain]	[Kharkov Plain]																						
Kharkov	[Kuban CRiver]	[Voronezh River]	[Stalingrad River]	[Stalingrad River]																					
Sevastopol	[Kuban LStrait]	[Kuban LStrait]	[Kharkov LStrait]																						
Prague	[Vienna Plain]	[Budapest Mount]	[Budapest Mount]																						
Vienna	[Budapest Plain]	[Croatia Mount]	[Croatia Mount]																						
Croatia	[Budapest Plain]	[Belgrade Forest]	[Albania CPlain]	[Albania CPlain]																					
Budapest	[Belgrade Plain]	[Bucharest Mount]	[Bucharest Mount]																						
Belgrade	[Albania Mount]	[Athens Mount]	[Sofia Mount]	[Bucharest River]	[Bucharest River]																				
Sofia	[Athens Mount]	[Istanbul LStrait]	[Bucharest CRiver]	[Bucharest CRiver]																					
Bucharest																									
Western_Black_Sea	[Istanbul WStrait]	[Bucharest Coast]	[Odessa Coast]	[Sevastopol WStrait]	[Ankara Coast]	[Sofia Coast]	[Eastern_Black_Sea Ocean]	[Eastern_Black_Sea Ocean]																	
Istanbul	[Izmir LStrait]	[Ankara LStrait]	[Athens LStrait]	[Athens LStrait]																					
Ankara	[Izmir Mount]	[Sinope CMount]	[Adana Mount]	[Adana Mount]																					
Washington	[New_York CPlain]	[New_York CPlain]																							
New_York																									
Dublin																									
Irish_Sea	[Dublin Coast]	[London Coast]	[Glasgow Coast]	[Bay_Of_Biscay Ocean]	[Bay_Of_Biscay Ocean]																				
Bay_Of_Biscay	[Paris Coast]	[Gascony Coast]	[Leon Coast]	[Madeira_Sea Ocean]	[Madeira_Sea Ocean]																				
Leon	[Barcelona Plain]	[Madrid Plain]	[Lisbon CPlain]	[Lisbon CPlain]																					
Barcelona	[Madrid Plain]	[Gibraltar LStrait]	[Gibraltar LStrait]																						
Madrid	[Lisbon CPlain]	[Gibraltar LStrait]	[Gibraltar LStrait]																						
Lisbon																									
Gibraltar	[Morocco LStrait]	[Algiers LStrait]	[Algiers LStrait]																						
Morocco	[Dakar CPlain]	[Algiers Mount]	[Algiers Mount]																						
Dakar																									
Algiers	[Tunisia CMount]	[Tunisia CMount]																							
Tunisia	[Malta LStrait]	[Sfax Mount]	[Sfax Mount]																						
Sfax	[Malta LStrait]	[Tripoli CMount]	[Tripoli CMount]																						
Tripoli	[Cyrenaica CPlain]	[Cyrenaica CPlain]																							
Cyrenaica	[Egypt CPlain]	[Egypt CPlain]																							
Egypt	[Suez LStrait]	[Suez LStrait]																							
Suez	[Sudan LStrait]	[Jordan LStrait]	[Jordan LStrait]																						
Sudan																									
Red_Sea	[Suez WStrait]	[Sudan Coast]	[Sudan Coast]																						
Damascus	[Jordan CPlain]	[Iraq Plain]	[Iraq Plain]																						
Adana	[Izmir CMountw]	[Damascus CPlain]	[Sinope Mount]	[Kars Mount]	[Kars Mount]																				
Izmir																									
Sinope	[Kars CMount]	[Kars CMount]																							
Kars	[Georgia CMount]	[Georgia CMount]																							
Rome	[Taranto Mount]	[Sicily LStrait]	[Sicily LStrait]																						
Taranto	[Sicily LStrait]	[Sicily LStrait]																							
Sicily	[Malta LStrait]	[Malta LStrait]																							
Sardinia																									
Athens	[Albania CMount]	[Albania CMount]																							
Crete																									
Albania																									
Penza	[Voronezh Forest]	[Voronezh Forest]																							
Voronezh	[Stalingrad Plain]	[Stalingrad Plain]																							
Kuban	[Georgia CMount]	[Grozny Plain]	[Stalingrad Plain]	[Stalingrad Plain]																					
Georgia	[Grozny Mount]	[Grozny Mount]																							
Grozny	[Stalingrad Plain]	[Stalingrad Plain]																							
Stalingrad																									
Sea_Of_Azov	[Kharkov Coast]	[Kuban Coast]	[Sevastopol WStrait]	[Sevastopol WStrait]																					
Eastern_Black_Sea	[Sinope Coast]	[Kars Coast]	[Georgia Coast]	[Kuban Coast]	[Sevastopol WStrait]	[Sevastopol WStrait]																			
Eastern_Mediterranean	[Izmir Coast]	[Jordan Coast]	[Damascus Coast]	[Jordan Coast]	[Egypt Coast]	[Suez WStrait]	[Crete Coast]	[Aegean_Sea Ocean]	[Central_Mediterranean Ocean]	[Cyrenaica Coast]															
Aegean_Sea	[Crete Coast]	[Athens Coast]	[Izmir Coast]	[Istanbul WStrait]	[Central_Mediterranean Ocean]	[Central_Mediterranean Ocean]																			
Central_Mediterranean	[Cyrenaica Coast]	[Tripoli Coast]	[Athens Coast]	[Albania Coast]	[Taranto Coast]	[Crete Coast]	[Sicily WStrait]	[Malta WStrait]	[Malta WStrait]																
Tyrrhenian_Sea	[Rome Coast]	[Milan Coast]	[Sardinia Coast]	[Tunisia Coast]	[Sicily WStrait]	[Malta WStrait]	[Western_Mediterranean Ocean]	[Western_Mediterranean Ocean]																	
Western_Mediterranean	[Barcelona Coast]	[Algiers Coast]	[Tunisia Coast]	[Sardinia Coast]	[Milan Coast]	[Marseille Coast]	[Gibraltar WStrait]	[Gibraltar WStrait]																	
Jordan	[Iraq Plain]																								
Iraq																									
Malta																									
Madeira_Sea	[Lisbon Coast]	[Leon Coast]	[Gibraltar WStrait]	[Gibraltar WStrait]																					
Rio_De_Janeiro																									
Helsinki	[Gulf_Of_Bothnia Coast]	[Leningrad CPlain]																							
Narvik																									
Gallivare																									
Petsamo																									
Tehran																									
Kabul																									
Murmansk																									
Archangel																									
Vologda																									
Gorky																									
Perm																									
Ufa																									
Urals																									
Western_Siberia																									
Kazakhstan																									
Turkmenistan																									
Baku																									
North_Caspian_Sea																									
Southern_Caspian_Sea																									
Tabriz																									
Shiraz																									
Abadan																									
Karachi																									
Delhi																									
Bombay																									
Persian_Gulf																									
Arabian_Sea																									
East_Indian_Ocean																									
West_Indian_Ocean																									
Gulf_Of_Aden																									
South_Atlantic_Ocean																									
Mid_Atlantic_Ocean																									
North_Atlantic_Ocean																									
Ottawa																									
Irminger_Sea																									
Greenland_Ocean																									
Norwegian_Ocean																									
Nordkapp_Ocean																									
Barents_Sea																									
White_Sea																									
Iceland																									
Azores																									
USA:	Washington	New_York																							
Canada:	Ottawa																								
Denmark:	Copenhagen	Iceland																							
Ireland:	Dublin																								
Britian:	London	Glasgow	Gibraltar	Malta																					
France:	Paris	Marseille	Lorraine	Gascony																					
Spain:	Madrid	Barcelona	Leon																						
Portugal:	Lisbon	Azores																							
Latin_America:	Rio_De_Janeiro																								
Libya:	Tripoli	Cyrenaica																							
French_North_Africa:	Dakar	Morocco	Algiers	Tunisia	Sfax																				
Middle_East:	Suez	Egypt	Jordan	Sudan	Iraq																				
Low_Countries:	Amsterdam																								
Germany:	Berlin	Ruhr	Munich	Könisberg																					
Austria:	Vienna																								
Czechoslovakia:	Prague																								
Italy:	Rome	Milan	Venice	Taranto	Sardinia	Sicily																			
Yugoslavia:	Belgrade	Croatia																							
Albania:	Albania																								
Greece:	Athens	Crete																							
Bulgaria:	Sofia																								
Rumania:	Bucharest																								
Hungary:	Budapest																								
Poland:	Warsaw	Lvov	Vilna																						
Baltic_States:	Riga																								
Norway:	Oslo	Narvik																							
Sweden:	Stockholm	Gallivare																							
Finalnd:	Helsinki	Petsamo																							
Syria:	Damascus																								
Persia:	Tehran	Abadan	Tabriz	Shiraz																					
Afghanistan:	Kabul																								
India:	Delhi	Bombay	Karachi																						
Turkey:	Ankara	Istanbul	Izmir	Adana	Sinope	Kars																			
USSR:	Moscow	Leningrad	Murmansk	Archangel	Vologda	Gorky	Perm	Urals	Penza	Ufa	Western_Siberia	Kazakhstan	Belorussia	Bryansk	Kharkov	Voronezh	Stalingrad	Grozny	Kuban	Georgia	Baku	Kiev	Odessa	Sevastopol	Turkmenistan