93 19
1	London	West	Great	B	MainCapital	1	N 287 241
2	Glasgow	West	Great	B	City	1	N 256 95
3	English_Channel	Water	None	N	Empty	0	N 225 287
4	North_Sea	Water	None	N	Empty	0	N 394 119
5	Paris	West	Major	F	SubCapital	0	N 309 344
6	Gascony	West	Major	F	Empty	0	N 259 494
7	Lorraine	West	Major	F	Empty	2	N 399 410
8	Marseille	West	Major	F	City	0	N 366 516
9	Amsterdam	Neutral	Minor	N	City	0	N 421 245
10	Ruhr	Axis	Great	G	SubCapital	3	N 500 242
11	Munich	Axis	Great	G	City	0	N 568 376
12	Berlin	Axis	Great	G	MainCapital	1	N 602 208
13	Milan	Axis	Major	I	City	1	N 490 491
14	Venice	Axis	Major	I	Empty	1	N 554 469
15	Adriatic_Sea	Water	None	N	Empty	0	N 658 546
16	Copenhagen	Neutral	Minor	N	Town	1	N 578 131
17	Oslo	Netural	Minor	N	Town	1	N 554 30
18	Stockholm	Neutral	Minor	N	City	1	N 688 37
19	Baltic_Sea	Water	None	N	Empty	0	N 721 118
20	Gulf_Of_Bothnia	Water	None	N	Empty	0	N 778 28
21	Warsaw	Netural	Minor	N	CapitalCity	1	N 780 234
22	Könisberg	Axis	Great	G	City	0	N 777 155
23	Riga	Neutral	Minor	N	Town	0	N 853 87
24	Lvov	Neutral	Minor	N	City	0	N 885 305
25	Vilna	Neutral	Minor	N	Town	0	N 897 150
26	Leningrad	USSR	Great	S	SubCapital	0	N 954 6
27	Belorussia	USSR	Great	S	Empty	0	N 977 112
28	Kiev	USSR	Great	S	City	1	N 1032 275
29	Odessa	USSR	Great	S	City	2	N 1015 372
30	Moscow	USSR	Great	S	MainCapital	0	N 1168 37
31	Bryansk	USSR	Great	S	Empty	0	N 1108 145
32	Kharkov	USSR	Great	S	City	1	N 1245 183
33	Sevastopol	USSR	Great	S	Empty	0	N 1167 374
34	Prague	Neutral	Minor	N	City	0	N 685 313
35	Vienna	Neutral	Minor	N	City	0	N 691 386
36	Croatia	Neutral	Minor	N	Empty	1	N 696 478
37	Budapest	Neutral	Minor	N	City	1	N 772 400
38	Belgrade	Neutral	Minor	N	Town	0	N 820 493
39	Sofia	Neutral	Minor	N	Town	1	N 902 533
40	Bucharest	Neutral	Minor	N	City	2	N 970 432
41	Western_Black_Sea	Water	None	N	Empty	0	N 1101 448
42	Istanbul	Neutral	Minor	N	City	0	N 1050 549
43	Ankara	Neutral	Minor	N	CapitalCity	0	N 1198 530
44	Washington	Neutral	Major	U	SubCapital	2	N 23 162
45	New_York	Neutral	Major	U	City	1	N 24 95
46	Dublin	Neutral	Minor	N	Town	0	N 135 163
47	Irish_Sea	Water	None	N	Empty	0	N 63 233
48	Bay_Of_Biscay	Water	None	N	Empty	0	N 76 397
49	Leon	Neutral	Minor	N	Empty	0	N 129 530
50	Barcelona	Neutral	Minor	N	City	0	N 267 575
51	Madrid	Neutral	Minor	N	CapitalCity	0	N 133 614
52	Lisbon	Neutral	Minor	N	Town	0	N 7 631
53	Gibraltar	West	Colony	B	Town	0	N 74 733
54	Morocco	West	Colony	F	Empty	0	N 45 829
55	Dakar	West	Colony	F	Empty	0	N 6 898
56	Algiers	West	Colony	F	City	0	N 216 776
57	Tunisia	West	Colony	F	Empty	0	N 418 771
58	Sfax	West	Colony	F	Empty	0	N 493 829
59	Malta	West	Colony	B	Town	0	N 563 755
60	Tripoli	Neutral	None	N	City	0	N 577 825
61	Cyrenaica	Neutral	None	N	City	0	N 894 867
62	Egypt	West	Colony	B	Empty	0	N 1072 864
63	Suez	West	Colony	B	City	0	N 1185 831
64	Sudan	West	Colony	B	Empty	0	N 1244 926
65	Red_Sea	Water	None	N	Empty	0	N 1305 911
66	Damascus	West	Colony	N	Town	0	N 1319 709
67	Adana	Neutral	Minor	N	Empty	0	N 1244 633
68	Izmir	Neutral	Minor	N	Town	0	N 1018 632
69	Sinope	Neutral	Minor	N	Empty	0	N 1290 516
70	Kars	Neutral	Minor	N	Empty	0	N 1389 493
71	Rome	Axis	Major	I	SubCapital	0	N 574 564
72	Taranto	Axis	Major	I	Empty	0	N 677 602
73	Sicily	Axis	Major	I	Empty	0	N 621 707
74	Sardinia	Axis	Major	I	Empty	0	N 473 643
75	Athens	Neutral	Minor	N	Town	1	N 889 661
76	Crete	Neutral	Minor	N	Empty	0	N 957 750
77	Albania	Neutral	Minor	N	Empty	0	N 786 590
78	Penza	USSR	Great	S	Empty	0	N 1356 23
79	Voronezh	USSR	Great	S	Empty	0	N 1318 117
80	Kuban	USSR	Great	S	Empty	0	N 1333 298
81	Georgia	USSR	Great	S	Empty	0	N 1457 360
82	Grozny	USSR	Great	S	Empty	0	N 1475 247
83	Stalingrad	USSR	Great	S	City	0	N 1423 167
84	Sea_Of_Azov	Water	None	N	Empty	0	N 1243 315
85	Eastern_Black_Sea	Water	None	N	Empty	0	N 1289 406
86	Eastern_Mediterranean	Water	None	N	Empty	0	N 1115 732
87	Aegean_Sea	Water	None	N	Empty	0	N 948 665
88	Central_Mediterranean	Water	None	N	Empty	0	N 767 745
89	Tyrrhenian_Sea	Water	None	N	Empty	0	N 553 638
90	Western_Mediterranean	Water	None	N	Empty	0	N 349 666
92	Jordan	West	Colony	B	Empty	0	N 1395 725
91	Madeira_Sea	Water	None	N	Empty	0	N 7 566
93	Iraq	West	Colony	B	Empty	2	T 1490 633
London [Glasgow CMount] [Glasgow CMount] 
Glasgow
English_Channel [London Coast] [Paris Coast] [Irish_Sea Ocean] [Bay_Of_Biscay Ocean] [North_Sea Ocean] [North_Sea Ocean] 
North_Sea [London Coast] [Paris Coast] [Glasgow Coast] [Amsterdam Coast] [Copenhagen WStrait] [Ruhr Coast] [Oslo Coast] [Oslo Coast] 
Paris [Gascony CPlain] [Lorraine Plain] [Amsterdam CPlain] [Amsterdam CPlain] 
Gascony [Leon CMount] [Barcelona CMount] [Marseille Plain] [Lorraine Plain] [Lorraine Plain] 
Lorraine [Munich River] [Marseille Plain] [Amsterdam Forest] [Amsterdam Forest] 
Marseille [Barcelona CMount] [Milan CMount] [Milan CMount] 
Amsterdam [Ruhr CRiver] [Munich River] [Munich River] 
Ruhr [Berlin CPlain] [Munich Plain] [Copenhagen LStrait] [Copenhagen LStrait] 
Munich [Vienna Plain] [Prague Forest] [Prague Forest] 
Berlin [Prague Forest] [Warsaw CRiver] [Munich Plain] 
Milan [Venice Plain] [Rome CMount] [Rome CMount] 
Venice [Rome Mount] [Taranto CMount] [Croatia CMount] [Vienna Mount] [Vienna Mount] 
Adriatic_Sea [Venice Coast] [Croatia Coast] [Taranto Coast] [Albania Coast] [Central_Mediterranean Ocean] 
Copenhagen [Oslo LStrait] [Stockholm LStrait] [Stockholm LStrait] 
Oslo [Stockholm CForest] [Stockholm CForest] 
Stockholm
Baltic_Sea [Copenhagen WStrait] [Berlin Coast] [Warsaw Coast] [Könisberg Coast] [Riga Coast] [Stockholm Coast] [Gulf_Of_Bothnia Ocean] [Ruhr Coast] [Ruhr Coast] 
Gulf_Of_Bothnia [Stockholm Coast] [Riga Coast] [Leningrad Coast] [Leningrad Coast] 
Warsaw [Prague Forest] [Könisberg CRiver] [Vilna River] [Lvov River] [Lvov River] 
Könisberg [Riga CPlain] [Vilna Forest] [Vilna Forest] 
Riga [Leningrad CForest] [Vilna Plain] [Belorussia Plain] [Belorussia Plain] 
Lvov [Prague Mount] [Budapest Mount] [Vilna Plain] [Kiev Plain] [Odessa Plain] [Bucharest River] [Bucharest River] 
Vilna [Belorussia Plain] [Belorussia Plain] 
Leningrad [Belorussia Forest] [Moscow Forest] [Bryansk Forest] [Bryansk Forest] 
Belorussia [Bryansk Plain] [Bryansk Plain] 
Kiev [Odessa Plain] [Kharkov River] [Bryansk River] [Bryansk River] 
Odessa [Bucharest CRiver] [Sevastopol LStrait] [Sevastopol LStrait] 
Moscow [Penza Plain] [Voronezh Plain] [Voronezh Plain] 
Bryansk [Voronezh Plain] [Kharkov Plain] [Kharkov Plain] 
Kharkov [Kuban CRiver] [Voronezh River] [Stalingrad River] [Stalingrad River] 
Sevastopol [Kuban LStrait] [Kuban LStrait] [Kharkov LStrait]
Prague [Vienna Plain] [Budapest Mount] [Budapest Mount] 
Vienna [Budapest Plain] [Croatia Mount] [Croatia Mount] 
Croatia [Budapest Plain] [Belgrade Forest] [Albania CPlain] [Albania CPlain] 
Budapest [Belgrade Plain] [Bucharest Mount] [Bucharest Mount] 
Belgrade [Albania Mount] [Athens Mount] [Sofia Mount] [Bucharest River] [Bucharest River] 
Sofia [Athens Mount] [Istanbul LStrait] [Bucharest CRiver] [Bucharest CRiver] 
Bucharest
Western_Black_Sea [Istanbul WStrait] [Bucharest Coast] [Odessa Coast] [Sevastopol WStrait] [Ankara Coast] [Sofia Coast] [Eastern_Black_Sea Ocean] [Eastern_Black_Sea Ocean] 
Istanbul [Izmir LStrait] [Ankara LStrait] [Athens LStrait] [Athens LStrait] 
Ankara [Izmir Mount] [Sinope CMount] [Adana Mount] [Adana Mount] 
Washington [New_York CPlain] [New_York CPlain] 
New_York
Dublin 
Irish_Sea [Dublin Coast] [London Coast] [Glasgow Coast] [Bay_Of_Biscay Ocean] [Bay_Of_Biscay Ocean] 
Bay_Of_Biscay [Paris Coast] [Gascony Coast] [Leon Coast] [Madeira_Sea Ocean] [Madeira_Sea Ocean] 
Leon [Barcelona Plain] [Madrid Plain] [Lisbon CPlain] [Lisbon CPlain] 
Barcelona [Madrid Plain] [Gibraltar LStrait] [Gibraltar LStrait] 
Madrid [Lisbon CPlain] [Gibraltar LStrait] [Gibraltar LStrait] 
Lisbon
Gibraltar [Morocco LStrait] [Algiers LStrait] [Algiers LStrait] 
Morocco [Dakar CPlain] [Algiers Mount] [Algiers Mount] 
Dakar
Algiers [Tunisia CMount] [Tunisia CMount] 
Tunisia [Malta LStrait] [Sfax Mount] [Sfax Mount] 
Sfax [Malta LStrait] [Tripoli CMount] [Tripoli CMount] 
Tripoli [Cyrenaica CPlain] [Cyrenaica CPlain] 
Cyrenaica [Egypt CPlain] [Egypt CPlain] 
Egypt [Suez LStrait] [Suez LStrait] 
Suez [Sudan LStrait] [Jordan LStrait] [Jordan LStrait] 
Sudan
Red_Sea [Suez WStrait] [Sudan Coast] [Sudan Coast] 
Damascus [Jordan CPlain] [Iraq Plain] [Iraq Plain] 
Adana [Izmir CMountw] [Damascus CPlain] [Sinope Mount] [Kars Mount] [Kars Mount] 
Izmir
Sinope [Kars CMount] [Kars CMount] 
Kars [Georgia CMount] [Georgia CMount] 
Rome [Taranto Mount] [Sicily LStrait] [Sicily LStrait] 
Taranto [Sicily LStrait] [Sicily LStrait] 
Sicily [Malta LStrait] [Malta LStrait] 
Sardinia
Athens [Albania CMount] [Albania CMount] 
Crete
Albania
Penza [Voronezh Forest] [Voronezh Forest] 
Voronezh [Stalingrad Plain] [Stalingrad Plain] 
Kuban [Georgia CMount] [Grozny Plain] [Stalingrad Plain] [Stalingrad Plain] 
Georgia [Grozny Mount] [Grozny Mount] 
Grozny [Stalingrad Plain] [Stalingrad Plain] 
Stalingrad
Sea_Of_Azov [Kharkov Coast] [Kuban Coast] [Sevastopol WStrait] [Sevastopol WStrait] 
Eastern_Black_Sea [Sinope Coast] [Kars Coast] [Georgia Coast] [Kuban Coast] [Sevastopol WStrait] [Sevastopol WStrait] 
Eastern_Mediterranean [Izmir Coast] [Jordan Coast] [Damascus Coast] [Jordan Coast] [Egypt Coast] [Suez WStrait] [Crete Coast] [Aegean_Sea Ocean] [Central_Mediterranean Ocean] [Cyrenaica Coast] 
Aegean_Sea [Crete Coast] [Athens Coast] [Izmir Coast] [Istanbul WStrait] [Central_Mediterranean Ocean] [Central_Mediterranean Ocean] 
Central_Mediterranean [Cyrenaica Coast] [Tripoli Coast] [Athens Coast] [Albania Coast] [Taranto Coast] [Crete Coast] [Sicily WStrait] [Malta WStrait] [Malta WStrait] 
Tyrrhenian_Sea [Rome Coast] [Milan Coast] [Sardinia Coast] [Tunisia Coast] [Sicily WStrait] [Malta WStrait] [Western_Mediterranean Ocean] [Western_Mediterranean Ocean] 
Western_Mediterranean [Barcelona Coast] [Algiers Coast] [Tunisia Coast] [Sardinia Coast] [Milan Coast] [Marseille Coast] [Gibraltar WStrait] [Gibraltar WStrait] 
Jordan [Iraq Plain]
Iraq
Malta
Madeira_Sea [Lisbon Coast] [Leon Coast] [Gibraltar WStrait] [Gibraltar WStrait] 												
Britian:        London Glasgow
France:         Paris Lorraine Gascony Marseille
Low_Countries:  Amsterdam
Germany:        Berlin Ruhr Munich Könisberg
Austria:        Vienna
Czechoslovakia: Prague
Hungary:        Budapest
Italy:          Milan Venice
Denmark:        Copenhagen
Norway:         Oslo
Sweden:         Stockholm
Poland:         Warsaw Lvov Vilna
Baltic_States:  Riga
Yugoslavia:     Belgrade Croatia
Rumania:        Bucharest
Bulgaria:       Sofia
Turkey:         Ankara Istanbul
USSR:           Moscow Leningrad Belorussia Bryansk Kharkov Kiev Odessa Sevastopol
USA:            Washington New_York